Archive member included because of file (symbol)

c:/program files (x86)/atmel/atmel toolchain/avr8 gcc/native/3.4.1056/avr8-gnu-toolchain/bin/../lib/gcc/avr/4.8.1/avr5\libgcc.a(_exit.o)
                              c:/program files (x86)/atmel/atmel toolchain/avr8 gcc/native/3.4.1056/avr8-gnu-toolchain/bin/../lib/gcc/avr/4.8.1/../../../../avr/lib/avr5/crtm64a.o (exit)
c:/program files (x86)/atmel/atmel toolchain/avr8 gcc/native/3.4.1056/avr8-gnu-toolchain/bin/../lib/gcc/avr/4.8.1/avr5\libgcc.a(_tablejump.o)
                              menu/i2c_lcd/i2c_lcd.o (__tablejump2__)
c:/program files (x86)/atmel/atmel toolchain/avr8 gcc/native/3.4.1056/avr8-gnu-toolchain/bin/../lib/gcc/avr/4.8.1/avr5\libgcc.a(_clear_bss.o)
                              buart/buart_1.o (__do_clear_bss)
c:/program files (x86)/atmel/atmel toolchain/avr8 gcc/native/3.4.1056/avr8-gnu-toolchain/bin/../lib/gcc/avr/4.8.1/avr5\libgcc.a(_umulhisi3.o)
                              menu/i2c_lcd/i2c_lcd.o (__umulhisi3)

Allocating common symbols
Common symbol       size              file

uart_1_txrd         0x1               buart/buart_1.o
uart_0_txwr         0x1               main.o
uart_1_tx           0x10              buart/buart_1.o
uart_0_rx           0x10              main.o
uart_0_txrd         0x1               main.o
uart_1_rx           0x10              buart/buart_1.o
uart_1_txwr         0x1               buart/buart_1.o
uart_0_rxwr         0x1               main.o
uart_1_rxwr         0x1               buart/buart_1.o
uart_0_rxrd         0x1               main.o
uart_1_rxrd         0x1               buart/buart_1.o
uart_0_tx           0x10              main.o

Discarded input sections

 .bss           0x00000000        0x0 c:/program files (x86)/atmel/atmel toolchain/avr8 gcc/native/3.4.1056/avr8-gnu-toolchain/bin/../lib/gcc/avr/4.8.1/../../../../avr/lib/avr5/crtm64a.o
 .text          0x00000000        0x0 buart/buart_1.o
 .bss           0x00000000        0x0 buart/buart_1.o
 .text.uart_1_rx_count
                0x00000000        0xe buart/buart_1.o
 .text.uart_1_read
                0x00000000       0x24 buart/buart_1.o
 .text          0x00000000        0x0 main.o
 .bss           0x00000000        0x0 main.o
 .text.BUT_GetKey
                0x00000000        0xa main.o
 .text.BUT_SetKey
                0x00000000        0x6 main.o
 .text          0x00000000        0x0 menu/i2c_lcd/i2c/i2c.o
 .bss           0x00000000        0x0 menu/i2c_lcd/i2c/i2c.o
 .text.i2c_start_wait
                0x00000000       0x1a menu/i2c_lcd/i2c/i2c.o
 .text.i2c_ack  0x00000000       0x1c menu/i2c_lcd/i2c/i2c.o
 .text.i2c_mack
                0x00000000       0x24 menu/i2c_lcd/i2c/i2c.o
 .text.i2c_nack
                0x00000000       0x18 menu/i2c_lcd/i2c/i2c.o
 .text.i2c_read
                0x00000000       0x24 menu/i2c_lcd/i2c/i2c.o
 .text.i2c_readAck
                0x00000000       0x12 menu/i2c_lcd/i2c/i2c.o
 .text.i2c_readNak
                0x00000000       0x12 menu/i2c_lcd/i2c/i2c.o
 .text          0x00000000        0x0 menu/i2c_lcd/i2c_lcd.o
 .bss           0x00000000        0x0 menu/i2c_lcd/i2c_lcd.o
 .text.PCF8574_Read
                0x00000000       0x24 menu/i2c_lcd/i2c_lcd.o
 .text.send_i2c_lcd_string
                0x00000000       0x2c menu/i2c_lcd/i2c_lcd.o
 .text.send_i2c_lcd_code_string
                0x00000000       0xb2 menu/i2c_lcd/i2c_lcd.o
 .text.clear_i2c_lcd
                0x00000000       0x16 menu/i2c_lcd/i2c_lcd.o
 .text.detect_i2c_shortt_string
                0x00000000        0xa menu/i2c_lcd/i2c_lcd.o
 .text.detect_i2c_short_string
                0x00000000       0x58 menu/i2c_lcd/i2c_lcd.o
 .text.detect_i2c_short_3_string
                0x00000000       0xb2 menu/i2c_lcd/i2c_lcd.o
 .text          0x00000000        0x0 menu/menu.o
 .bss           0x00000000        0x0 menu/menu.o
 .text          0x00000000        0x0 rs485/buart/buart_0.o
 .bss           0x00000000        0x0 rs485/buart/buart_0.o
 .text.uart_0_rx_count
                0x00000000        0xe rs485/buart/buart_0.o
 .text.uart_0_read
                0x00000000       0x24 rs485/buart/buart_0.o
 .text          0x00000000        0x0 c:/program files (x86)/atmel/atmel toolchain/avr8 gcc/native/3.4.1056/avr8-gnu-toolchain/bin/../lib/gcc/avr/4.8.1/avr5\libgcc.a(_exit.o)
 .bss           0x00000000        0x0 c:/program files (x86)/atmel/atmel toolchain/avr8 gcc/native/3.4.1056/avr8-gnu-toolchain/bin/../lib/gcc/avr/4.8.1/avr5\libgcc.a(_exit.o)
 .text.libgcc.mul
                0x00000000        0x0 c:/program files (x86)/atmel/atmel toolchain/avr8 gcc/native/3.4.1056/avr8-gnu-toolchain/bin/../lib/gcc/avr/4.8.1/avr5\libgcc.a(_exit.o)
 .text.libgcc.div
                0x00000000        0x0 c:/program files (x86)/atmel/atmel toolchain/avr8 gcc/native/3.4.1056/avr8-gnu-toolchain/bin/../lib/gcc/avr/4.8.1/avr5\libgcc.a(_exit.o)
 .text.libgcc   0x00000000        0x0 c:/program files (x86)/atmel/atmel toolchain/avr8 gcc/native/3.4.1056/avr8-gnu-toolchain/bin/../lib/gcc/avr/4.8.1/avr5\libgcc.a(_exit.o)
 .text.libgcc.prologue
                0x00000000        0x0 c:/program files (x86)/atmel/atmel toolchain/avr8 gcc/native/3.4.1056/avr8-gnu-toolchain/bin/../lib/gcc/avr/4.8.1/avr5\libgcc.a(_exit.o)
 .text.libgcc.builtins
                0x00000000        0x0 c:/program files (x86)/atmel/atmel toolchain/avr8 gcc/native/3.4.1056/avr8-gnu-toolchain/bin/../lib/gcc/avr/4.8.1/avr5\libgcc.a(_exit.o)
 .text.libgcc.fmul
                0x00000000        0x0 c:/program files (x86)/atmel/atmel toolchain/avr8 gcc/native/3.4.1056/avr8-gnu-toolchain/bin/../lib/gcc/avr/4.8.1/avr5\libgcc.a(_exit.o)
 .text.libgcc.fixed
                0x00000000        0x0 c:/program files (x86)/atmel/atmel toolchain/avr8 gcc/native/3.4.1056/avr8-gnu-toolchain/bin/../lib/gcc/avr/4.8.1/avr5\libgcc.a(_exit.o)
 .text          0x00000000        0x0 c:/program files (x86)/atmel/atmel toolchain/avr8 gcc/native/3.4.1056/avr8-gnu-toolchain/bin/../lib/gcc/avr/4.8.1/avr5\libgcc.a(_tablejump.o)
 .bss           0x00000000        0x0 c:/program files (x86)/atmel/atmel toolchain/avr8 gcc/native/3.4.1056/avr8-gnu-toolchain/bin/../lib/gcc/avr/4.8.1/avr5\libgcc.a(_tablejump.o)
 .text.libgcc.mul
                0x00000000        0x0 c:/program files (x86)/atmel/atmel toolchain/avr8 gcc/native/3.4.1056/avr8-gnu-toolchain/bin/../lib/gcc/avr/4.8.1/avr5\libgcc.a(_tablejump.o)
 .text.libgcc.div
                0x00000000        0x0 c:/program files (x86)/atmel/atmel toolchain/avr8 gcc/native/3.4.1056/avr8-gnu-toolchain/bin/../lib/gcc/avr/4.8.1/avr5\libgcc.a(_tablejump.o)
 .text.libgcc.prologue
                0x00000000        0x0 c:/program files (x86)/atmel/atmel toolchain/avr8 gcc/native/3.4.1056/avr8-gnu-toolchain/bin/../lib/gcc/avr/4.8.1/avr5\libgcc.a(_tablejump.o)
 .text.libgcc.builtins
                0x00000000        0x0 c:/program files (x86)/atmel/atmel toolchain/avr8 gcc/native/3.4.1056/avr8-gnu-toolchain/bin/../lib/gcc/avr/4.8.1/avr5\libgcc.a(_tablejump.o)
 .text.libgcc.fmul
                0x00000000        0x0 c:/program files (x86)/atmel/atmel toolchain/avr8 gcc/native/3.4.1056/avr8-gnu-toolchain/bin/../lib/gcc/avr/4.8.1/avr5\libgcc.a(_tablejump.o)
 .text.libgcc.fixed
                0x00000000        0x0 c:/program files (x86)/atmel/atmel toolchain/avr8 gcc/native/3.4.1056/avr8-gnu-toolchain/bin/../lib/gcc/avr/4.8.1/avr5\libgcc.a(_tablejump.o)
 .text          0x00000000        0x0 c:/program files (x86)/atmel/atmel toolchain/avr8 gcc/native/3.4.1056/avr8-gnu-toolchain/bin/../lib/gcc/avr/4.8.1/avr5\libgcc.a(_clear_bss.o)
 .bss           0x00000000        0x0 c:/program files (x86)/atmel/atmel toolchain/avr8 gcc/native/3.4.1056/avr8-gnu-toolchain/bin/../lib/gcc/avr/4.8.1/avr5\libgcc.a(_clear_bss.o)
 .text.libgcc.mul
                0x00000000        0x0 c:/program files (x86)/atmel/atmel toolchain/avr8 gcc/native/3.4.1056/avr8-gnu-toolchain/bin/../lib/gcc/avr/4.8.1/avr5\libgcc.a(_clear_bss.o)
 .text.libgcc.div
                0x00000000        0x0 c:/program files (x86)/atmel/atmel toolchain/avr8 gcc/native/3.4.1056/avr8-gnu-toolchain/bin/../lib/gcc/avr/4.8.1/avr5\libgcc.a(_clear_bss.o)
 .text.libgcc   0x00000000        0x0 c:/program files (x86)/atmel/atmel toolchain/avr8 gcc/native/3.4.1056/avr8-gnu-toolchain/bin/../lib/gcc/avr/4.8.1/avr5\libgcc.a(_clear_bss.o)
 .text.libgcc.prologue
                0x00000000        0x0 c:/program files (x86)/atmel/atmel toolchain/avr8 gcc/native/3.4.1056/avr8-gnu-toolchain/bin/../lib/gcc/avr/4.8.1/avr5\libgcc.a(_clear_bss.o)
 .text.libgcc.builtins
                0x00000000        0x0 c:/program files (x86)/atmel/atmel toolchain/avr8 gcc/native/3.4.1056/avr8-gnu-toolchain/bin/../lib/gcc/avr/4.8.1/avr5\libgcc.a(_clear_bss.o)
 .text.libgcc.fmul
                0x00000000        0x0 c:/program files (x86)/atmel/atmel toolchain/avr8 gcc/native/3.4.1056/avr8-gnu-toolchain/bin/../lib/gcc/avr/4.8.1/avr5\libgcc.a(_clear_bss.o)
 .text.libgcc.fixed
                0x00000000        0x0 c:/program files (x86)/atmel/atmel toolchain/avr8 gcc/native/3.4.1056/avr8-gnu-toolchain/bin/../lib/gcc/avr/4.8.1/avr5\libgcc.a(_clear_bss.o)
 .text          0x00000000        0x0 c:/program files (x86)/atmel/atmel toolchain/avr8 gcc/native/3.4.1056/avr8-gnu-toolchain/bin/../lib/gcc/avr/4.8.1/avr5\libgcc.a(_umulhisi3.o)
 .bss           0x00000000        0x0 c:/program files (x86)/atmel/atmel toolchain/avr8 gcc/native/3.4.1056/avr8-gnu-toolchain/bin/../lib/gcc/avr/4.8.1/avr5\libgcc.a(_umulhisi3.o)
 .text.libgcc.div
                0x00000000        0x0 c:/program files (x86)/atmel/atmel toolchain/avr8 gcc/native/3.4.1056/avr8-gnu-toolchain/bin/../lib/gcc/avr/4.8.1/avr5\libgcc.a(_umulhisi3.o)
 .text.libgcc   0x00000000        0x0 c:/program files (x86)/atmel/atmel toolchain/avr8 gcc/native/3.4.1056/avr8-gnu-toolchain/bin/../lib/gcc/avr/4.8.1/avr5\libgcc.a(_umulhisi3.o)
 .text.libgcc.prologue
                0x00000000        0x0 c:/program files (x86)/atmel/atmel toolchain/avr8 gcc/native/3.4.1056/avr8-gnu-toolchain/bin/../lib/gcc/avr/4.8.1/avr5\libgcc.a(_umulhisi3.o)
 .text.libgcc.builtins
                0x00000000        0x0 c:/program files (x86)/atmel/atmel toolchain/avr8 gcc/native/3.4.1056/avr8-gnu-toolchain/bin/../lib/gcc/avr/4.8.1/avr5\libgcc.a(_umulhisi3.o)
 .text.libgcc.fmul
                0x00000000        0x0 c:/program files (x86)/atmel/atmel toolchain/avr8 gcc/native/3.4.1056/avr8-gnu-toolchain/bin/../lib/gcc/avr/4.8.1/avr5\libgcc.a(_umulhisi3.o)
 .text.libgcc.fixed
                0x00000000        0x0 c:/program files (x86)/atmel/atmel toolchain/avr8 gcc/native/3.4.1056/avr8-gnu-toolchain/bin/../lib/gcc/avr/4.8.1/avr5\libgcc.a(_umulhisi3.o)

Memory Configuration

Name             Origin             Length             Attributes
text             0x00000000         0x00020000         xr
data             0x00800060         0x0000ffa0         rw !x
eeprom           0x00810000         0x00010000         rw !x
fuse             0x00820000         0x00000400         rw !x
lock             0x00830000         0x00000400         rw !x
signature        0x00840000         0x00000400         rw !x
user_signatures  0x00850000         0x00000400         rw !x
*default*        0x00000000         0xffffffff

Linker script and memory map

Address of section .data set to 0x800100
LOAD c:/program files (x86)/atmel/atmel toolchain/avr8 gcc/native/3.4.1056/avr8-gnu-toolchain/bin/../lib/gcc/avr/4.8.1/../../../../avr/lib/avr5/crtm64a.o
LOAD buart/buart_1.o
LOAD main.o
LOAD menu/i2c_lcd/i2c/i2c.o
LOAD menu/i2c_lcd/i2c_lcd.o
LOAD menu/menu.o
LOAD rs485/buart/buart_0.o
START GROUP
LOAD c:/program files (x86)/atmel/atmel toolchain/avr8 gcc/native/3.4.1056/avr8-gnu-toolchain/bin/../lib/gcc/avr/4.8.1/../../../../avr/lib/avr5\libm.a
END GROUP
START GROUP
LOAD c:/program files (x86)/atmel/atmel toolchain/avr8 gcc/native/3.4.1056/avr8-gnu-toolchain/bin/../lib/gcc/avr/4.8.1/avr5\libgcc.a
LOAD c:/program files (x86)/atmel/atmel toolchain/avr8 gcc/native/3.4.1056/avr8-gnu-toolchain/bin/../lib/gcc/avr/4.8.1/../../../../avr/lib/avr5\libm.a
LOAD c:/program files (x86)/atmel/atmel toolchain/avr8 gcc/native/3.4.1056/avr8-gnu-toolchain/bin/../lib/gcc/avr/4.8.1/../../../../avr/lib/avr5\libc.a
END GROUP

.hash
 *(.hash)

.dynsym
 *(.dynsym)

.dynstr
 *(.dynstr)

.gnu.version
 *(.gnu.version)

.gnu.version_d
 *(.gnu.version_d)

.gnu.version_r
 *(.gnu.version_r)

.rel.init
 *(.rel.init)

.rela.init
 *(.rela.init)

.rel.text
 *(.rel.text)
 *(.rel.text.*)
 *(.rel.gnu.linkonce.t*)

.rela.text
 *(.rela.text)
 *(.rela.text.*)
 *(.rela.gnu.linkonce.t*)

.rel.fini
 *(.rel.fini)

.rela.fini
 *(.rela.fini)

.rel.rodata
 *(.rel.rodata)
 *(.rel.rodata.*)
 *(.rel.gnu.linkonce.r*)

.rela.rodata
 *(.rela.rodata)
 *(.rela.rodata.*)
 *(.rela.gnu.linkonce.r*)

.rel.data
 *(.rel.data)
 *(.rel.data.*)
 *(.rel.gnu.linkonce.d*)

.rela.data
 *(.rela.data)
 *(.rela.data.*)
 *(.rela.gnu.linkonce.d*)

.rel.ctors
 *(.rel.ctors)

.rela.ctors
 *(.rela.ctors)

.rel.dtors
 *(.rel.dtors)

.rela.dtors
 *(.rela.dtors)

.rel.got
 *(.rel.got)

.rela.got
 *(.rela.got)

.rel.bss
 *(.rel.bss)

.rela.bss
 *(.rela.bss)

.rel.plt
 *(.rel.plt)

.rela.plt
 *(.rela.plt)

.text           0x00000000      0x888
 *(.vectors)
 .vectors       0x00000000       0x8c c:/program files (x86)/atmel/atmel toolchain/avr8 gcc/native/3.4.1056/avr8-gnu-toolchain/bin/../lib/gcc/avr/4.8.1/../../../../avr/lib/avr5/crtm64a.o
                0x00000000                __vector_default
                0x00000000                __vectors
 *(.vectors)
 *(.progmem.gcc*)
 .progmem.gcc_sw_table.detect_i2c_symbol
                0x0000008c       0x12 menu/i2c_lcd/i2c_lcd.o
                0x0000009e                . = ALIGN (0x2)
                0x0000009e                __trampolines_start = .
 *(.trampolines)
 .trampolines   0x0000009e        0x0 linker stubs
 *(.trampolines*)
                0x0000009e                __trampolines_end = .
 *(.progmem*)
 .progmem.data._BURN_OK_
                0x0000009e       0x11 menu/menu.o
                0x0000009e                _BURN_OK_
                0x000000b0                . = ALIGN (0x2)
 *fill*         0x000000af        0x1 
 *(.jumptables)
 *(.jumptables*)
 *(.lowtext)
 *(.lowtext*)
                0x000000b0                __ctors_start = .
 *(.ctors)
                0x000000b0                __ctors_end = .
                0x000000b0                __dtors_start = .
 *(.dtors)
                0x000000b0                __dtors_end = .
 SORT(*)(.ctors)
 SORT(*)(.dtors)
 *(.init0)
 .init0         0x000000b0        0x0 c:/program files (x86)/atmel/atmel toolchain/avr8 gcc/native/3.4.1056/avr8-gnu-toolchain/bin/../lib/gcc/avr/4.8.1/../../../../avr/lib/avr5/crtm64a.o
                0x000000b0                __init
 *(.init0)
 *(.init1)
 *(.init1)
 *(.init2)
 .init2         0x000000b0        0xc c:/program files (x86)/atmel/atmel toolchain/avr8 gcc/native/3.4.1056/avr8-gnu-toolchain/bin/../lib/gcc/avr/4.8.1/../../../../avr/lib/avr5/crtm64a.o
 *(.init2)
 *(.init3)
 *(.init3)
 *(.init4)
 .init4         0x000000bc       0x10 c:/program files (x86)/atmel/atmel toolchain/avr8 gcc/native/3.4.1056/avr8-gnu-toolchain/bin/../lib/gcc/avr/4.8.1/avr5\libgcc.a(_clear_bss.o)
                0x000000bc                __do_clear_bss
 *(.init4)
 *(.init5)
 *(.init5)
 *(.init6)
 *(.init6)
 *(.init7)
 *(.init7)
 *(.init8)
 *(.init8)
 *(.init9)
 .init9         0x000000cc        0x8 c:/program files (x86)/atmel/atmel toolchain/avr8 gcc/native/3.4.1056/avr8-gnu-toolchain/bin/../lib/gcc/avr/4.8.1/../../../../avr/lib/avr5/crtm64a.o
 *(.init9)
 *(.text)
 .text          0x000000d4        0x4 c:/program files (x86)/atmel/atmel toolchain/avr8 gcc/native/3.4.1056/avr8-gnu-toolchain/bin/../lib/gcc/avr/4.8.1/../../../../avr/lib/avr5/crtm64a.o
                0x000000d4                __vector_22
                0x000000d4                __vector_28
                0x000000d4                __vector_1
                0x000000d4                __vector_32
                0x000000d4                __vector_34
                0x000000d4                __vector_24
                0x000000d4                __vector_12
                0x000000d4                __bad_interrupt
                0x000000d4                __vector_6
                0x000000d4                __vector_3
                0x000000d4                __vector_23
                0x000000d4                __vector_25
                0x000000d4                __vector_11
                0x000000d4                __vector_13
                0x000000d4                __vector_17
                0x000000d4                __vector_7
                0x000000d4                __vector_27
                0x000000d4                __vector_5
                0x000000d4                __vector_33
                0x000000d4                __vector_4
                0x000000d4                __vector_9
                0x000000d4                __vector_2
                0x000000d4                __vector_21
                0x000000d4                __vector_15
                0x000000d4                __vector_8
                0x000000d4                __vector_26
                0x000000d8                . = ALIGN (0x2)
 *(.text.*)
 .text.__vector_30
                0x000000d8       0x4a buart/buart_1.o
                0x000000d8                __vector_30
 .text.__vector_31
                0x00000122       0x52 buart/buart_1.o
                0x00000122                __vector_31
 .text.uart_1_write
                0x00000174       0x2a buart/buart_1.o
                0x00000174                uart_1_write
 .text.uart_1_init
                0x0000019e       0x12 buart/buart_1.o
                0x0000019e                uart_1_init
 .text.BUT_Init
                0x000001b0        0xe main.o
                0x000001b0                BUT_Init
 .text.BUT_Debrief
                0x000001be       0x5a main.o
                0x000001be                BUT_Debrief
 .text.init_mcu
                0x00000218       0xc0 main.o
                0x00000218                init_mcu
 .text.__vector_16
                0x000002d8       0x48 main.o
                0x000002d8                __vector_16
 .text.__vector_14
                0x00000320       0x20 main.o
                0x00000320                __vector_14
 .text.__vector_10
                0x00000340       0x14 main.o
                0x00000340                __vector_10
 .text.__vector_29
                0x00000354       0x14 main.o
                0x00000354                __vector_29
 .text.main     0x00000368       0x52 main.o
                0x00000368                main
 .text.i2c_init
                0x000003ba       0x12 menu/i2c_lcd/i2c/i2c.o
                0x000003ba                i2c_init
 .text.i2c_start
                0x000003cc       0x16 menu/i2c_lcd/i2c/i2c.o
                0x000003cc                i2c_start
 .text.i2c_write
                0x000003e2       0x52 menu/i2c_lcd/i2c/i2c.o
                0x000003e2                i2c_write
 .text.i2c_stop
                0x00000434       0x20 menu/i2c_lcd/i2c/i2c.o
                0x00000434                i2c_stop
 .text.i2c_acknowledge
                0x00000454       0x10 menu/i2c_lcd/i2c/i2c.o
                0x00000454                i2c_acknowledge
 .text.PCF8574_Write
                0x00000464       0x24 menu/i2c_lcd/i2c_lcd.o
                0x00000464                PCF8574_Write
 .text.send_i2c_lcd_byte
                0x00000488       0xca menu/i2c_lcd/i2c_lcd.o
                0x00000488                send_i2c_lcd_byte
 .text.i2c_lcd_init
                0x00000552       0x92 menu/i2c_lcd/i2c_lcd.o
                0x00000552                i2c_lcd_init
 .text.send_i2c_lcd_symbol
                0x000005e4        0x8 menu/i2c_lcd/i2c_lcd.o
                0x000005e4                send_i2c_lcd_symbol
 .text.set_i2c_lcd_position
                0x000005ec       0x34 menu/i2c_lcd/i2c_lcd.o
                0x000005ec                set_i2c_lcd_position
 .text.send_i2c_lcd_string_P
                0x00000620       0x2a menu/i2c_lcd/i2c_lcd.o
                0x00000620                send_i2c_lcd_string_P
 .text.detect_i2c_symbol
                0x0000064a       0x3c menu/i2c_lcd/i2c_lcd.o
                0x0000064a                detect_i2c_symbol
 .text.detect_i2c_string
                0x00000686       0xc4 menu/i2c_lcd/i2c_lcd.o
                0x00000686                detect_i2c_string
 .text.Main_menu_i2c
                0x0000074a       0x28 menu/menu.o
                0x0000074a                Main_menu_i2c
 .text.__vector_18
                0x00000772       0x48 rs485/buart/buart_0.o
                0x00000772                __vector_18
 .text.__vector_19
                0x000007ba       0x56 rs485/buart/buart_0.o
                0x000007ba                __vector_19
 .text.__vector_20
                0x00000810       0x14 rs485/buart/buart_0.o
                0x00000810                __vector_20
 .text.uart_0_write
                0x00000824       0x24 rs485/buart/buart_0.o
                0x00000824                uart_0_write
 .text.uart_0_init
                0x00000848       0x12 rs485/buart/buart_0.o
                0x00000848                uart_0_init
 .text.libgcc   0x0000085a        0xc c:/program files (x86)/atmel/atmel toolchain/avr8 gcc/native/3.4.1056/avr8-gnu-toolchain/bin/../lib/gcc/avr/4.8.1/avr5\libgcc.a(_tablejump.o)
                0x0000085a                __tablejump2__
                0x0000085e                __tablejump__
 .text.libgcc.mul
                0x00000866       0x1e c:/program files (x86)/atmel/atmel toolchain/avr8 gcc/native/3.4.1056/avr8-gnu-toolchain/bin/../lib/gcc/avr/4.8.1/avr5\libgcc.a(_umulhisi3.o)
                0x00000866                __umulhisi3
                0x00000884                . = ALIGN (0x2)
 *(.fini9)
 .fini9         0x00000884        0x0 c:/program files (x86)/atmel/atmel toolchain/avr8 gcc/native/3.4.1056/avr8-gnu-toolchain/bin/../lib/gcc/avr/4.8.1/avr5\libgcc.a(_exit.o)
                0x00000884                _exit
                0x00000884                exit
 *(.fini9)
 *(.fini8)
 *(.fini8)
 *(.fini7)
 *(.fini7)
 *(.fini6)
 *(.fini6)
 *(.fini5)
 *(.fini5)
 *(.fini4)
 *(.fini4)
 *(.fini3)
 *(.fini3)
 *(.fini2)
 *(.fini2)
 *(.fini1)
 *(.fini1)
 *(.fini0)
 .fini0         0x00000884        0x4 c:/program files (x86)/atmel/atmel toolchain/avr8 gcc/native/3.4.1056/avr8-gnu-toolchain/bin/../lib/gcc/avr/4.8.1/avr5\libgcc.a(_exit.o)
 *(.fini0)
                0x00000888                _etext = .

.data           0x00800100        0x0 load address 0x00000888
                0x00800100                PROVIDE (__data_start, .)
 *(.data)
 .data          0x00800100        0x0 c:/program files (x86)/atmel/atmel toolchain/avr8 gcc/native/3.4.1056/avr8-gnu-toolchain/bin/../lib/gcc/avr/4.8.1/../../../../avr/lib/avr5/crtm64a.o
 .data          0x00800100        0x0 buart/buart_1.o
 .data          0x00800100        0x0 main.o
 .data          0x00800100        0x0 menu/i2c_lcd/i2c/i2c.o
 .data          0x00800100        0x0 menu/i2c_lcd/i2c_lcd.o
 .data          0x00800100        0x0 menu/menu.o
 .data          0x00800100        0x0 rs485/buart/buart_0.o
 .data          0x00800100        0x0 c:/program files (x86)/atmel/atmel toolchain/avr8 gcc/native/3.4.1056/avr8-gnu-toolchain/bin/../lib/gcc/avr/4.8.1/avr5\libgcc.a(_exit.o)
 .data          0x00800100        0x0 c:/program files (x86)/atmel/atmel toolchain/avr8 gcc/native/3.4.1056/avr8-gnu-toolchain/bin/../lib/gcc/avr/4.8.1/avr5\libgcc.a(_tablejump.o)
 .data          0x00800100        0x0 c:/program files (x86)/atmel/atmel toolchain/avr8 gcc/native/3.4.1056/avr8-gnu-toolchain/bin/../lib/gcc/avr/4.8.1/avr5\libgcc.a(_clear_bss.o)
 .data          0x00800100        0x0 c:/program files (x86)/atmel/atmel toolchain/avr8 gcc/native/3.4.1056/avr8-gnu-toolchain/bin/../lib/gcc/avr/4.8.1/avr5\libgcc.a(_umulhisi3.o)
 *(.data*)
 *(.rodata)
 *(.rodata*)
 *(.gnu.linkonce.d*)
                0x00800100                . = ALIGN (0x2)
                0x00800100                _edata = .
                0x00800100                PROVIDE (__data_end, .)

.bss            0x00800100       0x4a
                0x00800100                PROVIDE (__bss_start, .)
 *(.bss)
 *(.bss*)
 .bss.comp      0x00800100        0x1 main.o
                0x00800100                comp
 .bss.pressedKey
                0x00800101        0x1 main.o
                0x00800101                pressedKey
 *(COMMON)
 COMMON         0x00800102       0x24 buart/buart_1.o
                0x00800102                uart_1_txrd
                0x00800103                uart_1_tx
                0x00800113                uart_1_rx
                0x00800123                uart_1_txwr
                0x00800124                uart_1_rxwr
                0x00800125                uart_1_rxrd
 COMMON         0x00800126       0x24 main.o
                0x00800126                uart_0_txwr
                0x00800127                uart_0_rx
                0x00800137                uart_0_txrd
                0x00800138                uart_0_rxwr
                0x00800139                uart_0_rxrd
                0x0080013a                uart_0_tx
                0x0080014a                PROVIDE (__bss_end, .)
                0x00000888                __data_load_start = LOADADDR (.data)
                0x00000888                __data_load_end = (__data_load_start + SIZEOF (.data))

.noinit         0x0080014a        0x0
                0x0080014a                PROVIDE (__noinit_start, .)
 *(.noinit*)
                0x0080014a                PROVIDE (__noinit_end, .)
                0x0080014a                _end = .
                0x0080014a                PROVIDE (__heap_start, .)

.eeprom         0x00810000        0x0
 *(.eeprom*)
                0x00810000                __eeprom_end = .

.fuse
 *(.fuse)
 *(.lfuse)
 *(.hfuse)
 *(.efuse)

.lock
 *(.lock*)

.signature
 *(.signature*)

.user_signatures
 *(.user_signatures*)

.stab
 *(.stab)

.stabstr
 *(.stabstr)

.stab.excl
 *(.stab.excl)

.stab.exclstr
 *(.stab.exclstr)

.stab.index
 *(.stab.index)

.stab.indexstr
 *(.stab.indexstr)

.comment        0x00000000       0x30
 *(.comment)
 .comment       0x00000000       0x30 buart/buart_1.o
                                 0x31 (size before relaxing)
 .comment       0x00000000       0x31 main.o
 .comment       0x00000000       0x31 menu/i2c_lcd/i2c/i2c.o
 .comment       0x00000000       0x31 menu/i2c_lcd/i2c_lcd.o
 .comment       0x00000000       0x31 menu/menu.o
 .comment       0x00000000       0x31 rs485/buart/buart_0.o

.note.gnu.build-id
 *(.note.gnu.build-id)

.debug
 *(.debug)

.line
 *(.line)

.debug_srcinfo
 *(.debug_srcinfo)

.debug_sfnames
 *(.debug_sfnames)

.debug_aranges  0x00000000      0x228
 *(.debug_aranges)
 .debug_aranges
                0x00000000       0x48 buart/buart_1.o
 .debug_aranges
                0x00000048       0x68 main.o
 .debug_aranges
                0x000000b0       0x78 menu/i2c_lcd/i2c/i2c.o
 .debug_aranges
                0x00000128       0x90 menu/i2c_lcd/i2c_lcd.o
 .debug_aranges
                0x000001b8       0x20 menu/menu.o
 .debug_aranges
                0x000001d8       0x50 rs485/buart/buart_0.o

.debug_pubnames
 *(.debug_pubnames)

.debug_info     0x00000000     0x1ea4
 *(.debug_info .gnu.linkonce.wi.*)
 .debug_info    0x00000000      0x1f0 buart/buart_1.o
 .debug_info    0x000001f0      0x449 main.o
 .debug_info    0x00000639      0x724 menu/i2c_lcd/i2c/i2c.o
 .debug_info    0x00000d5d      0xd65 menu/i2c_lcd/i2c_lcd.o
 .debug_info    0x00001ac2      0x15e menu/menu.o
 .debug_info    0x00001c20      0x284 rs485/buart/buart_0.o

.debug_abbrev   0x00000000      0x986
 *(.debug_abbrev)
 .debug_abbrev  0x00000000      0x114 buart/buart_1.o
 .debug_abbrev  0x00000114      0x202 main.o
 .debug_abbrev  0x00000316      0x19d menu/i2c_lcd/i2c/i2c.o
 .debug_abbrev  0x000004b3      0x26a menu/i2c_lcd/i2c_lcd.o
 .debug_abbrev  0x0000071d       0xd7 menu/menu.o
 .debug_abbrev  0x000007f4      0x192 rs485/buart/buart_0.o

.debug_line     0x00000000      0xc4e
 *(.debug_line .debug_line.* .debug_line_end)
 .debug_line    0x00000000      0x127 buart/buart_1.o
 .debug_line    0x00000127      0x2e2 main.o
 .debug_line    0x00000409      0x2eb menu/i2c_lcd/i2c/i2c.o
 .debug_line    0x000006f4      0x33c menu/i2c_lcd/i2c_lcd.o
 .debug_line    0x00000a30       0x5d menu/menu.o
 .debug_line    0x00000a8d      0x1c1 rs485/buart/buart_0.o

.debug_frame    0x00000000      0x5cc
 *(.debug_frame)
 .debug_frame   0x00000000       0xb8 buart/buart_1.o
 .debug_frame   0x000000b8      0x124 main.o
 .debug_frame   0x000001dc       0xec menu/i2c_lcd/i2c/i2c.o
 .debug_frame   0x000002c8      0x204 menu/i2c_lcd/i2c_lcd.o
 .debug_frame   0x000004cc       0x2c menu/menu.o
 .debug_frame   0x000004f8       0xd4 rs485/buart/buart_0.o

.debug_str      0x00000000      0x5e1
 *(.debug_str)
 .debug_str     0x00000000      0x1c2 buart/buart_1.o
                                0x1fb (size before relaxing)
 .debug_str     0x000001c2      0x148 main.o
                                0x2f7 (size before relaxing)
 .debug_str     0x0000030a       0xb4 menu/i2c_lcd/i2c/i2c.o
                                0x239 (size before relaxing)
 .debug_str     0x000003be      0x1b1 menu/i2c_lcd/i2c_lcd.o
                                0x3ba (size before relaxing)
 .debug_str     0x0000056f       0x19 menu/menu.o
                                0x1b8 (size before relaxing)
 .debug_str     0x00000588       0x59 rs485/buart/buart_0.o
                                0x258 (size before relaxing)

.debug_loc      0x00000000     0x1276
 *(.debug_loc)
 .debug_loc     0x00000000      0x194 buart/buart_1.o
 .debug_loc     0x00000194      0x1ae main.o
 .debug_loc     0x00000342      0x1be menu/i2c_lcd/i2c/i2c.o
 .debug_loc     0x00000500      0xb40 menu/i2c_lcd/i2c_lcd.o
 .debug_loc     0x00001040       0x4e menu/menu.o
 .debug_loc     0x0000108e      0x1e8 rs485/buart/buart_0.o

.debug_macinfo
 *(.debug_macinfo)

.debug_weaknames
 *(.debug_weaknames)

.debug_funcnames
 *(.debug_funcnames)

.debug_typenames
 *(.debug_typenames)

.debug_varnames
 *(.debug_varnames)

.debug_pubtypes
 *(.debug_pubtypes)

.debug_ranges   0x00000000      0x1e0
 *(.debug_ranges)
 .debug_ranges  0x00000000       0x38 buart/buart_1.o
 .debug_ranges  0x00000038       0x58 main.o
 .debug_ranges  0x00000090       0x68 menu/i2c_lcd/i2c/i2c.o
 .debug_ranges  0x000000f8       0x98 menu/i2c_lcd/i2c_lcd.o
 .debug_ranges  0x00000190       0x10 menu/menu.o
 .debug_ranges  0x000001a0       0x40 rs485/buart/buart_0.o

.debug_macro
 *(.debug_macro)
OUTPUT(UControl_Module.elf elf32-avr)
LOAD linker stubs
