Archive member included because of file (symbol)

c:/program files (x86)/atmel/atmel toolchain/avr8 gcc/native/3.4.1056/avr8-gnu-toolchain/bin/../lib/gcc/avr/4.8.1/avr5\libgcc.a(_exit.o)
                              c:/program files (x86)/atmel/atmel toolchain/avr8 gcc/native/3.4.1056/avr8-gnu-toolchain/bin/../lib/gcc/avr/4.8.1/../../../../avr/lib/avr5/crtm64a.o (exit)
c:/program files (x86)/atmel/atmel toolchain/avr8 gcc/native/3.4.1056/avr8-gnu-toolchain/bin/../lib/gcc/avr/4.8.1/avr5\libgcc.a(_tablejump.o)
                              menu/i2c_lcd/i2c_lcd.o (__tablejump2__)
c:/program files (x86)/atmel/atmel toolchain/avr8 gcc/native/3.4.1056/avr8-gnu-toolchain/bin/../lib/gcc/avr/4.8.1/avr5\libgcc.a(_clear_bss.o)
                              buart/buart_1.o (__do_clear_bss)
c:/program files (x86)/atmel/atmel toolchain/avr8 gcc/native/3.4.1056/avr8-gnu-toolchain/bin/../lib/gcc/avr/4.8.1/avr5\libgcc.a(_umulhisi3.o)
                              menu/i2c_lcd/i2c_lcd.o (__umulhisi3)

Allocating common symbols
Common symbol       size              file

uart_1_txrd         0x1               buart/buart_1.o
uart_0_txwr         0x1               main.o
uart_1_tx           0x10              buart/buart_1.o
comp                0x1               interrupt_handler.o
uart_0_rx           0x10              main.o
uart_0_txrd         0x1               main.o
uart_1_rx           0x10              buart/buart_1.o
pressedKey          0x1               interrupt_handler.o
uart_1_txwr         0x1               buart/buart_1.o
uart_0_rxwr         0x1               main.o
uart_1_rxwr         0x1               buart/buart_1.o
uart_0_rxrd         0x1               main.o
uart_1_rxrd         0x1               buart/buart_1.o
uart_0_tx           0x10              main.o

Discarded input sections

 .bss           0x00000000        0x0 c:/program files (x86)/atmel/atmel toolchain/avr8 gcc/native/3.4.1056/avr8-gnu-toolchain/bin/../lib/gcc/avr/4.8.1/../../../../avr/lib/avr5/crtm64a.o
 .text          0x00000000        0x0 adc/adc.o
 .bss           0x00000000        0x0 adc/adc.o
 .text.get_average_adc
                0x00000000       0x54 adc/adc.o
 .text          0x00000000        0x0 buart/buart_1.o
 .bss           0x00000000        0x0 buart/buart_1.o
 .text.uart_1_rx_count
                0x00000000        0xe buart/buart_1.o
 .text.uart_1_read
                0x00000000       0x24 buart/buart_1.o
 .text          0x00000000        0x0 interrupt_handler.o
 .bss           0x00000000        0x0 interrupt_handler.o
 .text          0x00000000        0x0 main.o
 .bss           0x00000000        0x0 main.o
 .text          0x00000000        0x0 menu/i2c_lcd/i2c/i2c.o
 .bss           0x00000000        0x0 menu/i2c_lcd/i2c/i2c.o
 .text.i2c_start_wait
                0x00000000       0x1a menu/i2c_lcd/i2c/i2c.o
 .text.i2c_ack  0x00000000       0x1c menu/i2c_lcd/i2c/i2c.o
 .text.i2c_mack
                0x00000000       0x24 menu/i2c_lcd/i2c/i2c.o
 .text.i2c_nack
                0x00000000       0x18 menu/i2c_lcd/i2c/i2c.o
 .text.i2c_read
                0x00000000       0x24 menu/i2c_lcd/i2c/i2c.o
 .text.i2c_readAck
                0x00000000       0x12 menu/i2c_lcd/i2c/i2c.o
 .text.i2c_readNak
                0x00000000       0x12 menu/i2c_lcd/i2c/i2c.o
 .text          0x00000000        0x0 menu/i2c_lcd/i2c_lcd.o
 .bss           0x00000000        0x0 menu/i2c_lcd/i2c_lcd.o
 .text.PCF8574_Read
                0x00000000       0x24 menu/i2c_lcd/i2c_lcd.o
 .text.send_i2c_lcd_string
                0x00000000       0x2c menu/i2c_lcd/i2c_lcd.o
 .text.send_i2c_lcd_code_string
                0x00000000       0xb2 menu/i2c_lcd/i2c_lcd.o
 .text.clear_i2c_lcd
                0x00000000       0x16 menu/i2c_lcd/i2c_lcd.o
 .text.detect_i2c_shortt_string
                0x00000000        0xa menu/i2c_lcd/i2c_lcd.o
 .text.detect_i2c_short_string
                0x00000000       0x58 menu/i2c_lcd/i2c_lcd.o
 .text.detect_i2c_short_3_string
                0x00000000       0xb2 menu/i2c_lcd/i2c_lcd.o
 .text          0x00000000        0x0 menu/menu.o
 .bss           0x00000000        0x0 menu/menu.o
 .text          0x00000000        0x0 rs485/rs485_0.o
 .bss           0x00000000        0x0 rs485/rs485_0.o
 .text.rs485_0_rx_count
                0x00000000        0xe rs485/rs485_0.o
 .text.rs485_0_read
                0x00000000       0x24 rs485/rs485_0.o
 .text          0x00000000        0x0 service/buttons.o
 .bss           0x00000000        0x0 service/buttons.o
 .text.BUT_GetKey
                0x00000000        0xa service/buttons.o
 .text.BUT_SetKey
                0x00000000        0x6 service/buttons.o
 .text          0x00000000        0x0 c:/program files (x86)/atmel/atmel toolchain/avr8 gcc/native/3.4.1056/avr8-gnu-toolchain/bin/../lib/gcc/avr/4.8.1/avr5\libgcc.a(_exit.o)
 .bss           0x00000000        0x0 c:/program files (x86)/atmel/atmel toolchain/avr8 gcc/native/3.4.1056/avr8-gnu-toolchain/bin/../lib/gcc/avr/4.8.1/avr5\libgcc.a(_exit.o)
 .text.libgcc.mul
                0x00000000        0x0 c:/program files (x86)/atmel/atmel toolchain/avr8 gcc/native/3.4.1056/avr8-gnu-toolchain/bin/../lib/gcc/avr/4.8.1/avr5\libgcc.a(_exit.o)
 .text.libgcc.div
                0x00000000        0x0 c:/program files (x86)/atmel/atmel toolchain/avr8 gcc/native/3.4.1056/avr8-gnu-toolchain/bin/../lib/gcc/avr/4.8.1/avr5\libgcc.a(_exit.o)
 .text.libgcc   0x00000000        0x0 c:/program files (x86)/atmel/atmel toolchain/avr8 gcc/native/3.4.1056/avr8-gnu-toolchain/bin/../lib/gcc/avr/4.8.1/avr5\libgcc.a(_exit.o)
 .text.libgcc.prologue
                0x00000000        0x0 c:/program files (x86)/atmel/atmel toolchain/avr8 gcc/native/3.4.1056/avr8-gnu-toolchain/bin/../lib/gcc/avr/4.8.1/avr5\libgcc.a(_exit.o)
 .text.libgcc.builtins
                0x00000000        0x0 c:/program files (x86)/atmel/atmel toolchain/avr8 gcc/native/3.4.1056/avr8-gnu-toolchain/bin/../lib/gcc/avr/4.8.1/avr5\libgcc.a(_exit.o)
 .text.libgcc.fmul
                0x00000000        0x0 c:/program files (x86)/atmel/atmel toolchain/avr8 gcc/native/3.4.1056/avr8-gnu-toolchain/bin/../lib/gcc/avr/4.8.1/avr5\libgcc.a(_exit.o)
 .text.libgcc.fixed
                0x00000000        0x0 c:/program files (x86)/atmel/atmel toolchain/avr8 gcc/native/3.4.1056/avr8-gnu-toolchain/bin/../lib/gcc/avr/4.8.1/avr5\libgcc.a(_exit.o)
 .text          0x00000000        0x0 c:/program files (x86)/atmel/atmel toolchain/avr8 gcc/native/3.4.1056/avr8-gnu-toolchain/bin/../lib/gcc/avr/4.8.1/avr5\libgcc.a(_tablejump.o)
 .bss           0x00000000        0x0 c:/program files (x86)/atmel/atmel toolchain/avr8 gcc/native/3.4.1056/avr8-gnu-toolchain/bin/../lib/gcc/avr/4.8.1/avr5\libgcc.a(_tablejump.o)
 .text.libgcc.mul
                0x00000000        0x0 c:/program files (x86)/atmel/atmel toolchain/avr8 gcc/native/3.4.1056/avr8-gnu-toolchain/bin/../lib/gcc/avr/4.8.1/avr5\libgcc.a(_tablejump.o)
 .text.libgcc.div
                0x00000000        0x0 c:/program files (x86)/atmel/atmel toolchain/avr8 gcc/native/3.4.1056/avr8-gnu-toolchain/bin/../lib/gcc/avr/4.8.1/avr5\libgcc.a(_tablejump.o)
 .text.libgcc.prologue
                0x00000000        0x0 c:/program files (x86)/atmel/atmel toolchain/avr8 gcc/native/3.4.1056/avr8-gnu-toolchain/bin/../lib/gcc/avr/4.8.1/avr5\libgcc.a(_tablejump.o)
 .text.libgcc.builtins
                0x00000000        0x0 c:/program files (x86)/atmel/atmel toolchain/avr8 gcc/native/3.4.1056/avr8-gnu-toolchain/bin/../lib/gcc/avr/4.8.1/avr5\libgcc.a(_tablejump.o)
 .text.libgcc.fmul
                0x00000000        0x0 c:/program files (x86)/atmel/atmel toolchain/avr8 gcc/native/3.4.1056/avr8-gnu-toolchain/bin/../lib/gcc/avr/4.8.1/avr5\libgcc.a(_tablejump.o)
 .text.libgcc.fixed
                0x00000000        0x0 c:/program files (x86)/atmel/atmel toolchain/avr8 gcc/native/3.4.1056/avr8-gnu-toolchain/bin/../lib/gcc/avr/4.8.1/avr5\libgcc.a(_tablejump.o)
 .text          0x00000000        0x0 c:/program files (x86)/atmel/atmel toolchain/avr8 gcc/native/3.4.1056/avr8-gnu-toolchain/bin/../lib/gcc/avr/4.8.1/avr5\libgcc.a(_clear_bss.o)
 .bss           0x00000000        0x0 c:/program files (x86)/atmel/atmel toolchain/avr8 gcc/native/3.4.1056/avr8-gnu-toolchain/bin/../lib/gcc/avr/4.8.1/avr5\libgcc.a(_clear_bss.o)
 .text.libgcc.mul
                0x00000000        0x0 c:/program files (x86)/atmel/atmel toolchain/avr8 gcc/native/3.4.1056/avr8-gnu-toolchain/bin/../lib/gcc/avr/4.8.1/avr5\libgcc.a(_clear_bss.o)
 .text.libgcc.div
                0x00000000        0x0 c:/program files (x86)/atmel/atmel toolchain/avr8 gcc/native/3.4.1056/avr8-gnu-toolchain/bin/../lib/gcc/avr/4.8.1/avr5\libgcc.a(_clear_bss.o)
 .text.libgcc   0x00000000        0x0 c:/program files (x86)/atmel/atmel toolchain/avr8 gcc/native/3.4.1056/avr8-gnu-toolchain/bin/../lib/gcc/avr/4.8.1/avr5\libgcc.a(_clear_bss.o)
 .text.libgcc.prologue
                0x00000000        0x0 c:/program files (x86)/atmel/atmel toolchain/avr8 gcc/native/3.4.1056/avr8-gnu-toolchain/bin/../lib/gcc/avr/4.8.1/avr5\libgcc.a(_clear_bss.o)
 .text.libgcc.builtins
                0x00000000        0x0 c:/program files (x86)/atmel/atmel toolchain/avr8 gcc/native/3.4.1056/avr8-gnu-toolchain/bin/../lib/gcc/avr/4.8.1/avr5\libgcc.a(_clear_bss.o)
 .text.libgcc.fmul
                0x00000000        0x0 c:/program files (x86)/atmel/atmel toolchain/avr8 gcc/native/3.4.1056/avr8-gnu-toolchain/bin/../lib/gcc/avr/4.8.1/avr5\libgcc.a(_clear_bss.o)
 .text.libgcc.fixed
                0x00000000        0x0 c:/program files (x86)/atmel/atmel toolchain/avr8 gcc/native/3.4.1056/avr8-gnu-toolchain/bin/../lib/gcc/avr/4.8.1/avr5\libgcc.a(_clear_bss.o)
 .text          0x00000000        0x0 c:/program files (x86)/atmel/atmel toolchain/avr8 gcc/native/3.4.1056/avr8-gnu-toolchain/bin/../lib/gcc/avr/4.8.1/avr5\libgcc.a(_umulhisi3.o)
 .bss           0x00000000        0x0 c:/program files (x86)/atmel/atmel toolchain/avr8 gcc/native/3.4.1056/avr8-gnu-toolchain/bin/../lib/gcc/avr/4.8.1/avr5\libgcc.a(_umulhisi3.o)
 .text.libgcc.div
                0x00000000        0x0 c:/program files (x86)/atmel/atmel toolchain/avr8 gcc/native/3.4.1056/avr8-gnu-toolchain/bin/../lib/gcc/avr/4.8.1/avr5\libgcc.a(_umulhisi3.o)
 .text.libgcc   0x00000000        0x0 c:/program files (x86)/atmel/atmel toolchain/avr8 gcc/native/3.4.1056/avr8-gnu-toolchain/bin/../lib/gcc/avr/4.8.1/avr5\libgcc.a(_umulhisi3.o)
 .text.libgcc.prologue
                0x00000000        0x0 c:/program files (x86)/atmel/atmel toolchain/avr8 gcc/native/3.4.1056/avr8-gnu-toolchain/bin/../lib/gcc/avr/4.8.1/avr5\libgcc.a(_umulhisi3.o)
 .text.libgcc.builtins
                0x00000000        0x0 c:/program files (x86)/atmel/atmel toolchain/avr8 gcc/native/3.4.1056/avr8-gnu-toolchain/bin/../lib/gcc/avr/4.8.1/avr5\libgcc.a(_umulhisi3.o)
 .text.libgcc.fmul
                0x00000000        0x0 c:/program files (x86)/atmel/atmel toolchain/avr8 gcc/native/3.4.1056/avr8-gnu-toolchain/bin/../lib/gcc/avr/4.8.1/avr5\libgcc.a(_umulhisi3.o)
 .text.libgcc.fixed
                0x00000000        0x0 c:/program files (x86)/atmel/atmel toolchain/avr8 gcc/native/3.4.1056/avr8-gnu-toolchain/bin/../lib/gcc/avr/4.8.1/avr5\libgcc.a(_umulhisi3.o)

Memory Configuration

Name             Origin             Length             Attributes
text             0x00000000         0x00020000         xr
data             0x00800060         0x0000ffa0         rw !x
eeprom           0x00810000         0x00010000         rw !x
fuse             0x00820000         0x00000400         rw !x
lock             0x00830000         0x00000400         rw !x
signature        0x00840000         0x00000400         rw !x
user_signatures  0x00850000         0x00000400         rw !x
*default*        0x00000000         0xffffffff

Linker script and memory map

Address of section .data set to 0x800100
LOAD c:/program files (x86)/atmel/atmel toolchain/avr8 gcc/native/3.4.1056/avr8-gnu-toolchain/bin/../lib/gcc/avr/4.8.1/../../../../avr/lib/avr5/crtm64a.o
LOAD adc/adc.o
LOAD buart/buart_1.o
LOAD interrupt_handler.o
LOAD main.o
LOAD menu/i2c_lcd/i2c/i2c.o
LOAD menu/i2c_lcd/i2c_lcd.o
LOAD menu/menu.o
LOAD rs485/rs485_0.o
LOAD service/buttons.o
START GROUP
LOAD c:/program files (x86)/atmel/atmel toolchain/avr8 gcc/native/3.4.1056/avr8-gnu-toolchain/bin/../lib/gcc/avr/4.8.1/../../../../avr/lib/avr5\libm.a
END GROUP
START GROUP
LOAD c:/program files (x86)/atmel/atmel toolchain/avr8 gcc/native/3.4.1056/avr8-gnu-toolchain/bin/../lib/gcc/avr/4.8.1/avr5\libgcc.a
LOAD c:/program files (x86)/atmel/atmel toolchain/avr8 gcc/native/3.4.1056/avr8-gnu-toolchain/bin/../lib/gcc/avr/4.8.1/../../../../avr/lib/avr5\libm.a
LOAD c:/program files (x86)/atmel/atmel toolchain/avr8 gcc/native/3.4.1056/avr8-gnu-toolchain/bin/../lib/gcc/avr/4.8.1/../../../../avr/lib/avr5\libc.a
END GROUP

.hash
 *(.hash)

.dynsym
 *(.dynsym)

.dynstr
 *(.dynstr)

.gnu.version
 *(.gnu.version)

.gnu.version_d
 *(.gnu.version_d)

.gnu.version_r
 *(.gnu.version_r)

.rel.init
 *(.rel.init)

.rela.init
 *(.rela.init)

.rel.text
 *(.rel.text)
 *(.rel.text.*)
 *(.rel.gnu.linkonce.t*)

.rela.text
 *(.rela.text)
 *(.rela.text.*)
 *(.rela.gnu.linkonce.t*)

.rel.fini
 *(.rel.fini)

.rela.fini
 *(.rela.fini)

.rel.rodata
 *(.rel.rodata)
 *(.rel.rodata.*)
 *(.rel.gnu.linkonce.r*)

.rela.rodata
 *(.rela.rodata)
 *(.rela.rodata.*)
 *(.rela.gnu.linkonce.r*)

.rel.data
 *(.rel.data)
 *(.rel.data.*)
 *(.rel.gnu.linkonce.d*)

.rela.data
 *(.rela.data)
 *(.rela.data.*)
 *(.rela.gnu.linkonce.d*)

.rel.ctors
 *(.rel.ctors)

.rela.ctors
 *(.rela.ctors)

.rel.dtors
 *(.rel.dtors)

.rela.dtors
 *(.rela.dtors)

.rel.got
 *(.rel.got)

.rela.got
 *(.rela.got)

.rel.bss
 *(.rel.bss)

.rela.bss
 *(.rela.bss)

.rel.plt
 *(.rel.plt)

.rela.plt
 *(.rela.plt)

.text           0x00000000      0x90c
 *(.vectors)
 .vectors       0x00000000       0x8c c:/program files (x86)/atmel/atmel toolchain/avr8 gcc/native/3.4.1056/avr8-gnu-toolchain/bin/../lib/gcc/avr/4.8.1/../../../../avr/lib/avr5/crtm64a.o
                0x00000000                __vector_default
                0x00000000                __vectors
 *(.vectors)
 *(.progmem.gcc*)
 .progmem.gcc_sw_table.detect_i2c_symbol
                0x0000008c       0x12 menu/i2c_lcd/i2c_lcd.o
                0x0000009e                . = ALIGN (0x2)
                0x0000009e                __trampolines_start = .
 *(.trampolines)
 .trampolines   0x0000009e        0x0 linker stubs
 *(.trampolines*)
                0x0000009e                __trampolines_end = .
 *(.progmem*)
 .progmem.data._BURN_OK_
                0x0000009e       0x11 menu/menu.o
                0x0000009e                _BURN_OK_
                0x000000b0                . = ALIGN (0x2)
 *fill*         0x000000af        0x1 
 *(.jumptables)
 *(.jumptables*)
 *(.lowtext)
 *(.lowtext*)
                0x000000b0                __ctors_start = .
 *(.ctors)
                0x000000b0                __ctors_end = .
                0x000000b0                __dtors_start = .
 *(.dtors)
                0x000000b0                __dtors_end = .
 SORT(*)(.ctors)
 SORT(*)(.dtors)
 *(.init0)
 .init0         0x000000b0        0x0 c:/program files (x86)/atmel/atmel toolchain/avr8 gcc/native/3.4.1056/avr8-gnu-toolchain/bin/../lib/gcc/avr/4.8.1/../../../../avr/lib/avr5/crtm64a.o
                0x000000b0                __init
 *(.init0)
 *(.init1)
 *(.init1)
 *(.init2)
 .init2         0x000000b0        0xc c:/program files (x86)/atmel/atmel toolchain/avr8 gcc/native/3.4.1056/avr8-gnu-toolchain/bin/../lib/gcc/avr/4.8.1/../../../../avr/lib/avr5/crtm64a.o
 *(.init2)
 *(.init3)
 *(.init3)
 *(.init4)
 .init4         0x000000bc       0x10 c:/program files (x86)/atmel/atmel toolchain/avr8 gcc/native/3.4.1056/avr8-gnu-toolchain/bin/../lib/gcc/avr/4.8.1/avr5\libgcc.a(_clear_bss.o)
                0x000000bc                __do_clear_bss
 *(.init4)
 *(.init5)
 *(.init5)
 *(.init6)
 *(.init6)
 *(.init7)
 *(.init7)
 *(.init8)
 *(.init8)
 *(.init9)
 .init9         0x000000cc        0x8 c:/program files (x86)/atmel/atmel toolchain/avr8 gcc/native/3.4.1056/avr8-gnu-toolchain/bin/../lib/gcc/avr/4.8.1/../../../../avr/lib/avr5/crtm64a.o
 *(.init9)
 *(.text)
 .text          0x000000d4        0x4 c:/program files (x86)/atmel/atmel toolchain/avr8 gcc/native/3.4.1056/avr8-gnu-toolchain/bin/../lib/gcc/avr/4.8.1/../../../../avr/lib/avr5/crtm64a.o
                0x000000d4                __vector_22
                0x000000d4                __vector_28
                0x000000d4                __vector_1
                0x000000d4                __vector_32
                0x000000d4                __vector_34
                0x000000d4                __vector_24
                0x000000d4                __vector_12
                0x000000d4                __bad_interrupt
                0x000000d4                __vector_6
                0x000000d4                __vector_3
                0x000000d4                __vector_23
                0x000000d4                __vector_25
                0x000000d4                __vector_11
                0x000000d4                __vector_13
                0x000000d4                __vector_17
                0x000000d4                __vector_7
                0x000000d4                __vector_27
                0x000000d4                __vector_5
                0x000000d4                __vector_33
                0x000000d4                __vector_4
                0x000000d4                __vector_9
                0x000000d4                __vector_2
                0x000000d4                __vector_21
                0x000000d4                __vector_15
                0x000000d4                __vector_8
                0x000000d4                __vector_26
                0x000000d8                . = ALIGN (0x2)
 *(.text.*)
 .text.init_adc
                0x000000d8        0xa adc/adc.o
                0x000000d8                init_adc
 .text.read_adc
                0x000000e2       0x24 adc/adc.o
                0x000000e2                read_adc
 .text.__vector_30
                0x00000106       0x4a buart/buart_1.o
                0x00000106                __vector_30
 .text.__vector_31
                0x00000150       0x52 buart/buart_1.o
                0x00000150                __vector_31
 .text.uart_1_write
                0x000001a2       0x2a buart/buart_1.o
                0x000001a2                uart_1_write
 .text.uart_1_init
                0x000001cc       0x12 buart/buart_1.o
                0x000001cc                uart_1_init
 .text.__vector_16
                0x000001de       0x48 interrupt_handler.o
                0x000001de                __vector_16
 .text.__vector_14
                0x00000226       0x20 interrupt_handler.o
                0x00000226                __vector_14
 .text.__vector_10
                0x00000246       0x14 interrupt_handler.o
                0x00000246                __vector_10
 .text.__vector_29
                0x0000025a       0x14 interrupt_handler.o
                0x0000025a                __vector_29
 .text.init_mcu
                0x0000026e       0xbc main.o
                0x0000026e                init_mcu
 .text.main     0x0000032a       0xaa main.o
                0x0000032a                main
 .text.i2c_init
                0x000003d4       0x12 menu/i2c_lcd/i2c/i2c.o
                0x000003d4                i2c_init
 .text.i2c_start
                0x000003e6       0x16 menu/i2c_lcd/i2c/i2c.o
                0x000003e6                i2c_start
 .text.i2c_write
                0x000003fc       0x52 menu/i2c_lcd/i2c/i2c.o
                0x000003fc                i2c_write
 .text.i2c_stop
                0x0000044e       0x20 menu/i2c_lcd/i2c/i2c.o
                0x0000044e                i2c_stop
 .text.i2c_acknowledge
                0x0000046e       0x10 menu/i2c_lcd/i2c/i2c.o
                0x0000046e                i2c_acknowledge
 .text.PCF8574_Write
                0x0000047e       0x24 menu/i2c_lcd/i2c_lcd.o
                0x0000047e                PCF8574_Write
 .text.send_i2c_lcd_byte
                0x000004a2       0xca menu/i2c_lcd/i2c_lcd.o
                0x000004a2                send_i2c_lcd_byte
 .text.i2c_lcd_init
                0x0000056c       0x92 menu/i2c_lcd/i2c_lcd.o
                0x0000056c                i2c_lcd_init
 .text.send_i2c_lcd_symbol
                0x000005fe        0x8 menu/i2c_lcd/i2c_lcd.o
                0x000005fe                send_i2c_lcd_symbol
 .text.set_i2c_lcd_position
                0x00000606       0x34 menu/i2c_lcd/i2c_lcd.o
                0x00000606                set_i2c_lcd_position
 .text.send_i2c_lcd_string_P
                0x0000063a       0x2a menu/i2c_lcd/i2c_lcd.o
                0x0000063a                send_i2c_lcd_string_P
 .text.detect_i2c_symbol
                0x00000664       0x3c menu/i2c_lcd/i2c_lcd.o
                0x00000664                detect_i2c_symbol
 .text.detect_i2c_string
                0x000006a0       0xc4 menu/i2c_lcd/i2c_lcd.o
                0x000006a0                detect_i2c_string
 .text.Main_menu_i2c
                0x00000764       0x2a menu/menu.o
                0x00000764                Main_menu_i2c
 .text.__vector_18
                0x0000078e       0x48 rs485/rs485_0.o
                0x0000078e                __vector_18
 .text.__vector_19
                0x000007d6       0x56 rs485/rs485_0.o
                0x000007d6                __vector_19
 .text.__vector_20
                0x0000082c       0x14 rs485/rs485_0.o
                0x0000082c                __vector_20
 .text.rs485_0_write
                0x00000840       0x24 rs485/rs485_0.o
                0x00000840                rs485_0_write
 .text.rs485_0_init
                0x00000864       0x12 rs485/rs485_0.o
                0x00000864                rs485_0_init
 .text.BUT_Init
                0x00000876        0xe service/buttons.o
                0x00000876                BUT_Init
 .text.BUT_Debrief
                0x00000884       0x5a service/buttons.o
                0x00000884                BUT_Debrief
 .text.libgcc   0x000008de        0xc c:/program files (x86)/atmel/atmel toolchain/avr8 gcc/native/3.4.1056/avr8-gnu-toolchain/bin/../lib/gcc/avr/4.8.1/avr5\libgcc.a(_tablejump.o)
                0x000008de                __tablejump2__
                0x000008e2                __tablejump__
 .text.libgcc.mul
                0x000008ea       0x1e c:/program files (x86)/atmel/atmel toolchain/avr8 gcc/native/3.4.1056/avr8-gnu-toolchain/bin/../lib/gcc/avr/4.8.1/avr5\libgcc.a(_umulhisi3.o)
                0x000008ea                __umulhisi3
                0x00000908                . = ALIGN (0x2)
 *(.fini9)
 .fini9         0x00000908        0x0 c:/program files (x86)/atmel/atmel toolchain/avr8 gcc/native/3.4.1056/avr8-gnu-toolchain/bin/../lib/gcc/avr/4.8.1/avr5\libgcc.a(_exit.o)
                0x00000908                _exit
                0x00000908                exit
 *(.fini9)
 *(.fini8)
 *(.fini8)
 *(.fini7)
 *(.fini7)
 *(.fini6)
 *(.fini6)
 *(.fini5)
 *(.fini5)
 *(.fini4)
 *(.fini4)
 *(.fini3)
 *(.fini3)
 *(.fini2)
 *(.fini2)
 *(.fini1)
 *(.fini1)
 *(.fini0)
 .fini0         0x00000908        0x4 c:/program files (x86)/atmel/atmel toolchain/avr8 gcc/native/3.4.1056/avr8-gnu-toolchain/bin/../lib/gcc/avr/4.8.1/avr5\libgcc.a(_exit.o)
 *(.fini0)
                0x0000090c                _etext = .

.data           0x00800100        0x0 load address 0x0000090c
                0x00800100                PROVIDE (__data_start, .)
 *(.data)
 .data          0x00800100        0x0 c:/program files (x86)/atmel/atmel toolchain/avr8 gcc/native/3.4.1056/avr8-gnu-toolchain/bin/../lib/gcc/avr/4.8.1/../../../../avr/lib/avr5/crtm64a.o
 .data          0x00800100        0x0 adc/adc.o
 .data          0x00800100        0x0 buart/buart_1.o
 .data          0x00800100        0x0 interrupt_handler.o
 .data          0x00800100        0x0 main.o
 .data          0x00800100        0x0 menu/i2c_lcd/i2c/i2c.o
 .data          0x00800100        0x0 menu/i2c_lcd/i2c_lcd.o
 .data          0x00800100        0x0 menu/menu.o
 .data          0x00800100        0x0 rs485/rs485_0.o
 .data          0x00800100        0x0 service/buttons.o
 .data          0x00800100        0x0 c:/program files (x86)/atmel/atmel toolchain/avr8 gcc/native/3.4.1056/avr8-gnu-toolchain/bin/../lib/gcc/avr/4.8.1/avr5\libgcc.a(_exit.o)
 .data          0x00800100        0x0 c:/program files (x86)/atmel/atmel toolchain/avr8 gcc/native/3.4.1056/avr8-gnu-toolchain/bin/../lib/gcc/avr/4.8.1/avr5\libgcc.a(_tablejump.o)
 .data          0x00800100        0x0 c:/program files (x86)/atmel/atmel toolchain/avr8 gcc/native/3.4.1056/avr8-gnu-toolchain/bin/../lib/gcc/avr/4.8.1/avr5\libgcc.a(_clear_bss.o)
 .data          0x00800100        0x0 c:/program files (x86)/atmel/atmel toolchain/avr8 gcc/native/3.4.1056/avr8-gnu-toolchain/bin/../lib/gcc/avr/4.8.1/avr5\libgcc.a(_umulhisi3.o)
 *(.data*)
 *(.rodata)
 *(.rodata*)
 *(.gnu.linkonce.d*)
                0x00800100                . = ALIGN (0x2)
                0x00800100                _edata = .
                0x00800100                PROVIDE (__data_end, .)

.bss            0x00800100       0x4a
                0x00800100                PROVIDE (__bss_start, .)
 *(.bss)
 *(.bss*)
 *(COMMON)
 COMMON         0x00800100       0x24 buart/buart_1.o
                0x00800100                uart_1_txrd
                0x00800101                uart_1_tx
                0x00800111                uart_1_rx
                0x00800121                uart_1_txwr
                0x00800122                uart_1_rxwr
                0x00800123                uart_1_rxrd
 COMMON         0x00800124        0x2 interrupt_handler.o
                0x00800124                comp
                0x00800125                pressedKey
 COMMON         0x00800126       0x24 main.o
                0x00800126                uart_0_txwr
                0x00800127                uart_0_rx
                0x00800137                uart_0_txrd
                0x00800138                uart_0_rxwr
                0x00800139                uart_0_rxrd
                0x0080013a                uart_0_tx
                0x0080014a                PROVIDE (__bss_end, .)
                0x0000090c                __data_load_start = LOADADDR (.data)
                0x0000090c                __data_load_end = (__data_load_start + SIZEOF (.data))

.noinit         0x0080014a        0x0
                0x0080014a                PROVIDE (__noinit_start, .)
 *(.noinit*)
                0x0080014a                PROVIDE (__noinit_end, .)
                0x0080014a                _end = .
                0x0080014a                PROVIDE (__heap_start, .)

.eeprom         0x00810000        0x0
 *(.eeprom*)
                0x00810000                __eeprom_end = .

.fuse
 *(.fuse)
 *(.lfuse)
 *(.hfuse)
 *(.efuse)

.lock
 *(.lock*)

.signature
 *(.signature*)

.user_signatures
 *(.user_signatures*)

.stab
 *(.stab)

.stabstr
 *(.stabstr)

.stab.excl
 *(.stab.excl)

.stab.exclstr
 *(.stab.exclstr)

.stab.index
 *(.stab.index)

.stab.indexstr
 *(.stab.indexstr)

.comment        0x00000000       0x30
 *(.comment)
 .comment       0x00000000       0x30 adc/adc.o
                                 0x31 (size before relaxing)
 .comment       0x00000000       0x31 buart/buart_1.o
 .comment       0x00000000       0x31 interrupt_handler.o
 .comment       0x00000000       0x31 main.o
 .comment       0x00000000       0x31 menu/i2c_lcd/i2c/i2c.o
 .comment       0x00000000       0x31 menu/i2c_lcd/i2c_lcd.o
 .comment       0x00000000       0x31 menu/menu.o
 .comment       0x00000000       0x31 rs485/rs485_0.o
 .comment       0x00000000       0x31 service/buttons.o

.note.gnu.build-id
 *(.note.gnu.build-id)

.debug
 *(.debug)

.line
 *(.line)

.debug_srcinfo
 *(.debug_srcinfo)

.debug_sfnames
 *(.debug_sfnames)

.debug_aranges  0x00000000      0x288
 *(.debug_aranges)
 .debug_aranges
                0x00000000       0x30 adc/adc.o
 .debug_aranges
                0x00000030       0x48 buart/buart_1.o
 .debug_aranges
                0x00000078       0x38 interrupt_handler.o
 .debug_aranges
                0x000000b0       0x28 main.o
 .debug_aranges
                0x000000d8       0x78 menu/i2c_lcd/i2c/i2c.o
 .debug_aranges
                0x00000150       0x90 menu/i2c_lcd/i2c_lcd.o
 .debug_aranges
                0x000001e0       0x20 menu/menu.o
 .debug_aranges
                0x00000200       0x50 rs485/rs485_0.o
 .debug_aranges
                0x00000250       0x38 service/buttons.o

.debug_pubnames
 *(.debug_pubnames)

.debug_info     0x00000000     0x22a4
 *(.debug_info .gnu.linkonce.wi.*)
 .debug_info    0x00000000      0x26d adc/adc.o
 .debug_info    0x0000026d      0x1f0 buart/buart_1.o
 .debug_info    0x0000045d      0x106 interrupt_handler.o
 .debug_info    0x00000563      0x3a0 main.o
 .debug_info    0x00000903      0x724 menu/i2c_lcd/i2c/i2c.o
 .debug_info    0x00001027      0xd65 menu/i2c_lcd/i2c_lcd.o
 .debug_info    0x00001d8c      0x16a menu/menu.o
 .debug_info    0x00001ef6      0x284 rs485/rs485_0.o
 .debug_info    0x0000217a      0x12a service/buttons.o

.debug_abbrev   0x00000000      0xbe3
 *(.debug_abbrev)
 .debug_abbrev  0x00000000      0x152 adc/adc.o
 .debug_abbrev  0x00000152      0x114 buart/buart_1.o
 .debug_abbrev  0x00000266       0x9f interrupt_handler.o
 .debug_abbrev  0x00000305      0x1a2 main.o
 .debug_abbrev  0x000004a7      0x19d menu/i2c_lcd/i2c/i2c.o
 .debug_abbrev  0x00000644      0x26a menu/i2c_lcd/i2c_lcd.o
 .debug_abbrev  0x000008ae       0xd7 menu/menu.o
 .debug_abbrev  0x00000985      0x192 rs485/rs485_0.o
 .debug_abbrev  0x00000b17       0xcc service/buttons.o

.debug_line     0x00000000      0xfb6
 *(.debug_line .debug_line.* .debug_line_end)
 .debug_line    0x00000000      0x17b adc/adc.o
 .debug_line    0x0000017b      0x127 buart/buart_1.o
 .debug_line    0x000002a2      0x103 interrupt_handler.o
 .debug_line    0x000003a5      0x2c5 main.o
 .debug_line    0x0000066a      0x2eb menu/i2c_lcd/i2c/i2c.o
 .debug_line    0x00000955      0x33c menu/i2c_lcd/i2c_lcd.o
 .debug_line    0x00000c91       0x5d menu/menu.o
 .debug_line    0x00000cee      0x1bb rs485/rs485_0.o
 .debug_line    0x00000ea9      0x10d service/buttons.o

.debug_frame    0x00000000      0x64c
 *(.debug_frame)
 .debug_frame   0x00000000       0x54 adc/adc.o
 .debug_frame   0x00000054       0xb8 buart/buart_1.o
 .debug_frame   0x0000010c       0xc4 interrupt_handler.o
 .debug_frame   0x000001d0       0x34 main.o
 .debug_frame   0x00000204       0xec menu/i2c_lcd/i2c/i2c.o
 .debug_frame   0x000002f0      0x204 menu/i2c_lcd/i2c_lcd.o
 .debug_frame   0x000004f4       0x30 menu/menu.o
 .debug_frame   0x00000524       0xd4 rs485/rs485_0.o
 .debug_frame   0x000005f8       0x54 service/buttons.o

.debug_str      0x00000000      0x661
 *(.debug_str)
 .debug_str     0x00000000      0x1b4 adc/adc.o
                                0x1e8 (size before relaxing)
 .debug_str     0x000001b4       0xad buart/buart_1.o
                                0x202 (size before relaxing)
 .debug_str     0x00000261       0x65 interrupt_handler.o
                                0x1b5 (size before relaxing)
 .debug_str     0x000002c6       0xac main.o
                                0x2c0 (size before relaxing)
 .debug_str     0x00000372       0xa5 menu/i2c_lcd/i2c/i2c.o
                                0x240 (size before relaxing)
 .debug_str     0x00000417      0x1b1 menu/i2c_lcd/i2c_lcd.o
                                0x3c1 (size before relaxing)
 .debug_str     0x000005c8       0x19 menu/menu.o
                                0x1bf (size before relaxing)
 .debug_str     0x000005e1       0x55 rs485/rs485_0.o
                                0x25d (size before relaxing)
 .debug_str     0x00000636       0x2b service/buttons.o
                                0x1a0 (size before relaxing)

.debug_loc      0x00000000     0x13be
 *(.debug_loc)
 .debug_loc     0x00000000      0x10c adc/adc.o
 .debug_loc     0x0000010c      0x194 buart/buart_1.o
 .debug_loc     0x000002a0      0x165 interrupt_handler.o
 .debug_loc     0x00000405       0x44 main.o
 .debug_loc     0x00000449      0x1be menu/i2c_lcd/i2c/i2c.o
 .debug_loc     0x00000607      0xb40 menu/i2c_lcd/i2c_lcd.o
 .debug_loc     0x00001147       0x65 menu/menu.o
 .debug_loc     0x000011ac      0x1e8 rs485/rs485_0.o
 .debug_loc     0x00001394       0x2a service/buttons.o

.debug_macinfo
 *(.debug_macinfo)

.debug_weaknames
 *(.debug_weaknames)

.debug_funcnames
 *(.debug_funcnames)

.debug_typenames
 *(.debug_typenames)

.debug_varnames
 *(.debug_varnames)

.debug_pubtypes
 *(.debug_pubtypes)

.debug_ranges   0x00000000      0x210
 *(.debug_ranges)
 .debug_ranges  0x00000000       0x20 adc/adc.o
 .debug_ranges  0x00000020       0x38 buart/buart_1.o
 .debug_ranges  0x00000058       0x28 interrupt_handler.o
 .debug_ranges  0x00000080       0x18 main.o
 .debug_ranges  0x00000098       0x68 menu/i2c_lcd/i2c/i2c.o
 .debug_ranges  0x00000100       0x98 menu/i2c_lcd/i2c_lcd.o
 .debug_ranges  0x00000198       0x10 menu/menu.o
 .debug_ranges  0x000001a8       0x40 rs485/rs485_0.o
 .debug_ranges  0x000001e8       0x28 service/buttons.o

.debug_macro
 *(.debug_macro)
OUTPUT(UControl_Module.elf elf32-avr)
LOAD linker stubs
